[
   {
      "name":"BCA",
      "code":"014",
      "created_at":"2022-01-07T22:55:33.086519+07:00"
   },
   {
      "name":"Mandiri",
      "code":"008",
      "created_at":"2022-01-07T22:55:34.086519+07:00"
   },
   {
      "name":"BRI",
      "code":"002",
      "created_at":"2022-01-07T22:55:35.086519+07:00"
   }
]