[
   {
      "id":1,
      "type":"ktp",
      "no":"3102014403910001",
      "image":{
         "url":"https://image-ktp.jpg",
         "width":100,
         "height":100,
         "mime":"",
         "caption":""
      },
      "user_id":1,
      "created_at":"2022-01-16T04:16:39.383105+07:00"
   },
   {
      "id":2,
      "type":"npwp",
      "no":"01.855.081.4-412.000,",
      "image":{
         "url":"https://image-npwp.jpg",
         "width":200,
         "height":200,
         "mime":"",
         "caption":""
      },
      "user_id":1,
      "created_at":"2022-01-16T04:16:40.383105+07:00"
   }
]