[
   {
      "name":"Indonesia",
      "created_at":"2022-01-11T05:34:03.190839+07:00"
   },
   {
      "name":"Malaysia",
      "created_at":"2022-01-11T05:34:04.190839+07:00"
   },
   {
      "name":"Singapura",
      "created_at":"2022-01-11T05:34:05.190839+07:00"
   }
]