[
  {
    "id": 1,
    "name": "D3",
    "rank": 5,
    "created_at": "2022-02-23T22:42:17.566687+07:00"
  },
  {
    "id": 2,
    "name": "D4",
    "rank": 4,
    "created_at": "2022-02-23T22:42:27.566687+07:00"
  },
  {
    "id": 3,
    "name": "S1",
    "rank": 3,
    "created_at": "2022-02-23T22:42:44.566687+07:00"
  },
  {
    "id": 4,
    "name": "S2",
    "rank": 2,
    "created_at": "2022-02-23T22:42:56.566687+07:00"
  },
  {
    "id": 5,
    "name": "S3",
    "rank": 1,
    "created_at": "2022-02-23T22:43:12.566687+07:00"
  }
]