[
  {
     "id":1,
     "scholarship_id":1,
     "type":"document",
     "name":"essay request",
     "value":"required",
     "created_at":"2022-01-27T13:14:10.045586+07:00"
  },
  {
     "id":2,
     "scholarship_id":1,
     "type":"document",
     "name":"letter of recommendation request",
     "value":"required",
     "created_at":"2022-01-27T13:14:11.045586+07:00"
  }
]