[
   {
      "id":2,
      "sponsor_id":1,
      "name":"BEASISWA Best wan",
      "amount":90000000,
      "status":0,
      "image":{
         "url":"https://bestwa.jpg",
         "width":200,
         "height":200,
         "mime":"",
         "caption":""
      },
      "awardee":10,
      "current_applicant":0,
      "deadline":"2022-02-05T13:31:01.263366+07:00",
      "eligibility_description":"eligibility of best wan",
      "subsidy_description":"subsidi of best one",
      "requirement_descriptions": [
              "requirement_description1",
              "requirement_description2",
              "requirement_description3"
     ],
      "funding_start":"2022-02-08T13:31:01.263366+07:00",
      "funding_end":"2022-02-18T13:31:01.263366+07:00",
      "requirements":null,
      "created_at":"2022-01-29T13:31:01.263366+07:00"
   },
   {
      "id":3,
      "sponsor_id":2,
      "name":"BEASISWA tanoto",
      "amount":100000000,
      "status":0,
      "image":{
         "url":"https://tanoto.jpg",
         "width":300,
         "height":300,
         "mime":"",
         "caption":""
      },
      "awardee":20,
      "current_applicant":0,
      "deadline":"2022-02-03T13:31:01.263366+07:00",
      "eligibility_description":"eligibility of best wan",
      "subsidy_description":"subsidi of best one",
      "requirement_descriptions": [
              "requirement_description1",
              "requirement_description2",
              "requirement_description3"
      ],
      "funding_start":"2022-02-05T13:31:01.263366+07:00",
      "funding_end":"2022-02-21T13:31:01.263366+07:00",
      "requirements":null,
      "created_at":"2022-01-29T13:31:03.263366+07:00"
   }
]