{
   "id":1,
   "sponsor_id": 1,
   "name":"BEASISWA YBM BRI",
   "amount":100000000,
   "status":0,
   "image":{
      "url":"https://ybm-bri.jpg",
      "width":100,
      "height":200,
      "mime":"",
      "caption":""
   },
   "awardee":10,
   "current_applicant":0,
   "deadline":"2022-01-30T13:14:10.045586+07:00",
   "eligibility_description":"eligibility description",
   "subsidy_description":"subsidy description",
   "funding_start":"2022-02-01T13:14:10.045586+07:00",
   "funding_end":"2022-02-06T13:14:10.045586+07:00",
   "requirements":null,
   "created_at":"2022-01-27T13:14:10.045586+07:00"
}